Parser arguments: num_workers=1, batch_size=1, path=/mnt/data
Finished parsing arguments in 0.02 seconds.
Finished reading files in 113.42 seconds.
Finished counting words in files in parallel in 741.03 seconds.
Finished merging counts in 226.33 seconds.
Checksum: 14880058115
Finished computing checksum in 6.10 seconds.
Top 10 words:
the: 148499457
of: 89408738
and: 72120653
to: 61762640
a: 51211506
in: 44714455
that: 24646774
was: 24224366
is: 19939759
I: 19103566
Finished computing top 10 in 114.29 seconds.
Total execution time: 1201.19 seconds.
