Parser arguments: num_workers=32, batch_size=1, path=/mnt/data
Finished parsing arguments in 0.06 seconds.
Finished reading files in 111.95 seconds.
Finished counting words in files in parallel in 164.20 seconds.
Finished merging counts in 227.35 seconds.
Checksum: 14880058115
Finished computing checksum in 5.63 seconds.
Top 10 words:
the: 148499457
of: 89408738
and: 72120653
to: 61762640
a: 51211506
in: 44714455
that: 24646774
was: 24224366
is: 19939759
I: 19103566
Finished computing top 10 in 110.10 seconds.
Total execution time: 619.28 seconds.
