2th query was erroneous: got "Golden Last", but expected "Wilsons Pub"
5th query was erroneous: got "King's Arms", but expected "Spread Eagle"
8th query was erroneous: got "Masonic Hall", but expected "The Hope & Anchor"
23th query was erroneous: got "Lowerplace Liberal Club", but expected "Wellfield Working Mens Club"
29th query was erroneous: got "The New County Bar", but expected "Bar 20:10"
38th query was erroneous: got "Nags Head", but expected "Toby Carvery"
48th query was erroneous: got "Barton's -The Gallery", but expected "Chilwell Masonic Club"
50th query was erroneous: got "Old Toll Bar", but expected "Intack Inn"
53th query was erroneous: got "Prince Albert Public House", but expected "The Boileroom"
55th query was erroneous: got "The Kirky Puffer", but expected "Kirkintilloch Miners Welfare And Social Club"
81th query was erroneous: got "Power League Halesowen", but expected "The Widders P H"
100th query was erroneous: got "Denmead Queen", but expected "The Heroes"
107th query was erroneous: got "Dean Street Social Club", but expected "The Victoria Inn"
113th query was erroneous: got "THE  GROVE HOUSE", but expected "THE BLACK HORSE INN"
129th query was erroneous: got "Cricketers Rest", but expected "Kimberley Institute Cricket Club"
131th query was erroneous: got "Phonox", but expected "The Craft Beer Co"
148th query was erroneous: got "Cock Inn", but expected "The Queen's Head"
150th query was erroneous: got "Kings Arms Public House", but expected "Crown Public House"
164th query was erroneous: got "Cross Keys Bar", but expected "Rascals Bar St Andrews"
166th query was erroneous: got "Stitches", but expected "Wharton Arms Hotel"
169th query was erroneous: got "Hamilton Churches Drop In Centre", but expected "The Bay Horse"
173th query was erroneous: got "Egremont Rangers Rugby League Footba", but expected "O'Halloran's Restaurant"
174th query was erroneous: got "Cherry Tree", but expected "Libertys Gin Bar & Diner"
178th query was erroneous: got "Prince Regent", but expected "The Old Ship"
182th query was erroneous: got "Nags Head", but expected "The Kings Head"
183th query was erroneous: got "Peggy's Pantry", but expected "North Shields Catholic Club"
189th query was erroneous: got "Prestonpans Labour Club", but expected "Railway Tavern"
190th query was erroneous: got "Jungle Bar", but expected "The Hummingbird"
195th query was erroneous: got "The Black Horse", but expected "The Blue Crown"
202th query was erroneous: got "Bulls Head", but expected "Heyside Cricket Club"
205th query was erroneous: got "Badminton Hotel", but expected "Tredegar Arms"
207th query was erroneous: got "Amber Lounge", but expected "Central Snooker"
211th query was erroneous: got "Bill's Bar", but expected "The Wheatsheaf"
216th query was erroneous: got "Broadway Bowling Club", but expected "The Horse And Hounds"
222th query was erroneous: got "Bakers Arms", but expected "Rhu Bar"
224th query was erroneous: got "Generations", but expected "Joe Bananas"
245th query was erroneous: got "The Dog And Rabbit", but expected "The Fat Ox"
265th query was erroneous: got "The 1865 Club", but expected "Red Lion"
267th query was erroneous: got "Craft", but expected "Queen Hotel"
274th query was erroneous: got "Lockwood and Salford Liberal Club", but expected "The Swan"
276th query was erroneous: got "Mermaid Bar", but expected "Southerness Golf Club"
278th query was erroneous: got "Featherstone Hotel", but expected "The Number One"
280th query was erroneous: got "Rose and Crown", but expected "Ancient Mariner"
284th query was erroneous: got "Railway Inn", but expected "Wheatsheaf Hotel"
288th query was erroneous: got "Wishaw Bowling Club", but expected "Wishaw Malt"
293th query was erroneous: got "Ship Inn", but expected "Roscoe's Bar"
297th query was erroneous: got "The Black Horse Inn", but expected "Tudhoe & District Victory Club & Institute Ltd"
298th query was erroneous: got "The Spotted Cow", but expected "Hen & Chicken"
299th query was erroneous: got "Cottles Bar", but expected "The Commercial Willington"
304th query was erroneous: got "Baltic Market", but expected "Bubbles Champagne Bar"
309th query was erroneous: got "Kelvin Dock Bar", but expected "Maryhill Tavern"
317th query was erroneous: got "The Flat Tops", but expected "The Shack"
333th query was erroneous: got "Herne Bay Little Theatre", but expected "The Heron"
335th query was erroneous: got "The General Havelock", but expected "High Wycombe Rugby Union Football Club"
345th query was erroneous: got "The Anchor Inn", but expected "The Kings Head"
347th query was erroneous: got "Bar 2020", but expected "Glanglasfor Club"
348th query was erroneous: got "De Rodes Arms", but expected "Rosecrown Ltd T/A Rose And Crown"
349th query was erroneous: got "Brooksteed Alehouse", but expected "Grand Victorian Hotel"
355th query was erroneous: got "Bull Hotel", but expected "The Ale House"
359th query was erroneous: got "The Claremont Inn", but expected "The Lamb"
374th query was erroneous: got "The Fountain", but expected "The Kings Arms"
375th query was erroneous: got "Royal Oak Bar", but expected "Strathdeveron Bar"
387th query was erroneous: got "Old House At Home", but expected "Queens Head"
393th query was erroneous: got "Joiners Arms", but expected "The Farm House"
405th query was erroneous: got "Grangemouth Bowling Club", but expected "Zetland Bowling Club"
410th query was erroneous: got "Alvechurch Sports & Social Club", but expected "Alvechurch Village Hall"
418th query was erroneous: got "EDF Energy London Eye", but expected "All Bar One"
419th query was erroneous: got "Crown Posada", but expected "Riverside"
420th query was erroneous: got "Bar Vino Ltd", but expected "South Woodham Ferrers Rugby, Sports And Social Pavillion"
428th query was erroneous: got "Abbey Inn", but expected "Newgate Bar"
447th query was erroneous: got "The Albert Hotel", but expected "The New Griffin"
459th query was erroneous: got "The Mucky Duck", but expected "The King Alfred"
467th query was erroneous: got "Crown & Cushion", but expected "Royal Oak"
470th query was erroneous: got "Eclipse Inn", but expected "The Tip Inn"
477th query was erroneous: got "The Yard", but expected "Heat"
489th query was erroneous: got "The Beehive", but expected "Lazy Toad"
496th query was erroneous: got "Cromwells", but expected "The Lord Conyers"
497th query was erroneous: got "The Commercial", but expected "The Tap And Spile"
521th query was erroneous: got "Raven (Rotherham) Ltd", but expected "The Cavalier"
523th query was erroneous: got "Brennans", but expected "The Mill and Brook"
526th query was erroneous: got "Crown Meadow", but expected "Factory Arms"
533th query was erroneous: got "Horden Conservative Club", but expected "Horden Social Welfare Centre"
538th query was erroneous: got "Apollo Bingo", but expected "Brewers Fayre"
546th query was erroneous: got "Coco Lounge", but expected "The Dolphin"
549th query was erroneous: got "OLD BANK BAR", but expected "THE 1224 CLUB [MASONIC LODGE]"
553th query was erroneous: got "The Dalesmans Club", but expected "Bolton Arms"
566th query was erroneous: got "Beer hawk", but expected "White hart"
575th query was erroneous: got "The Rathmore Club", but expected "The Junction"
603th query was erroneous: got "County Hotel", but expected "Peebles Bowling Club"
630th query was erroneous: got "Drouthy Neebors", but expected "LUTTON PLACE BOWLING CLUB"
640th query was erroneous: got "Firefly", but expected "West Midlands Tavern"
642th query was erroneous: got "Willington Football Club", but expected "Willington WMC & Institute"
643th query was erroneous: got "Harlow Masonic Hall Club", but expected "Janet Causton Catering"
667th query was erroneous: got "Allsop Arms Public House", but expected "The Volunteer Public House"
678th query was erroneous: got "George & Dragon", but expected "Mother Shipton Inn"
685th query was erroneous: got "Charlie's Bar", but expected "Masonic Club"
691th query was erroneous: got "169 Masonic Social Club", but expected "Bunkers, Auchenharvie Golf Club"
692th query was erroneous: got "Royal National Theatre", but expected "The Mulberry Bush"
697th query was erroneous: got "Balham and Tooting Community and Sports Club", but expected "The Devonshire"
699th query was erroneous: got "The Coach & Horses", but expected "The Phoenix"
708th query was erroneous: got "Adelphi Beer Engine", but expected "The Vic"
709th query was erroneous: got "Grapes Hotel", but expected "The Cheshire Cheese"
717th query was erroneous: got "The Hop Pole Bath", but expected "Victoria Pub & Kitchen"
736th query was erroneous: got "Neptune Inn (wet Sales)", but expected "The Hove Club"
741th query was erroneous: got "Blarneys Free House", but expected "The New Inn"
742th query was erroneous: got "The yellow house", but expected "Whelan's free house"
747th query was erroneous: got "Club 83", but expected "Ellenbank Bar"
748th query was erroneous: got "Morts Wine Bar", but expected "The Regent"
764th query was erroneous: got "Hastings Arms", but expected "Plough & Chequers PH"
775th query was erroneous: got "Davy's", but expected "Slug and Lettuce"
777th query was erroneous: got "Ship Inn", but expected "Scarborough Club Institute"
785th query was erroneous: got "Labour Club", but expected "Whitstable Cricket Club"
795th query was erroneous: got "Livello", but expected "Lloyds No 1"
797th query was erroneous: got "Hogs Head Brew House", but expected "Sowerby Bridge Working Mens Club"
799th query was erroneous: got "Polish Social Club", but expected "The Bowling Green"
805th query was erroneous: got "BrewDog", but expected "King Street Brew House"
811th query was erroneous: got "The Fairhaven Club & Hotel", but expected "Tower Tavern Club"
814th query was erroneous: got "Stanhope Masonic Club", but expected "Stanhope Sports & Social Club Ltd"
819th query was erroneous: got "Babylon", but expected "Bear and Bottle"
820th query was erroneous: got "The Plough And Harrow", but expected "Ye Olde White Hart"
827th query was erroneous: got "Hand In Hand", but expected "Trimley Sports And Social Club"
833th query was erroneous: got "Aber & Senghenydd Ex-Servicemens Club", but expected "Leigh Hotel"
841th query was erroneous: got "Ayr Railway Welfare Club", but expected "Horseshoe Bar"
843th query was erroneous: got "Ilkley Constitutional Club", but expected "The Flying Duck"
846th query was erroneous: got "Market Bar", but expected "65 Club"
853th query was erroneous: got "Brennans", but expected "The Corner Pin"
866th query was erroneous: got "Arbroath Indoor Bowling Club", but expected "Arbroath United Cricket Club"
869th query was erroneous: got "Burlington (Wath) Club Ltd", but expected "Wath Cricket Club"
878th query was erroneous: got "Farmers Arms", but expected "The Slipway"
879th query was erroneous: got "The Narrow Nick", but expected "Newcastle House Hotel"
884th query was erroneous: got "Abarbistro", but expected "The Wellington"
887th query was erroneous: got "Northowram Community Sports and Activity Club", but expected "Northowram Conservative Club"
890th query was erroneous: got "Railway Hotel", but expected "The Spirit of Endeavour"
906th query was erroneous: got "Drouthy Neebors", but expected "The Waterside"
911th query was erroneous: got "Highfield Inn", but expected "The Moorside"
918th query was erroneous: got "Marple Senior Citizens Hall", but expected "Navigation Inn"
920th query was erroneous: got "ELECTRIC PALACE", but expected "The Woodman"
921th query was erroneous: got "McGhee's Irish Bar", but expected "The Wheatsheaf"
932th query was erroneous: got "Slip Inn", but expected "Old Ebor Inn"
933th query was erroneous: got "The hope", but expected "Peckham liberal club"
935th query was erroneous: got "Atmosphere- USSU", but expected "Salford Masonic Hall"
936th query was erroneous: got "Bloomsbury Tavern", but expected "Craft  Beer"
939th query was erroneous: got "169 Masonic Social Club", but expected "Potters Snooker Club"
941th query was erroneous: got "Duke Of Albany", but expected "The Stella"
944th query was erroneous: got "Derby Arms", but expected "The Village Inn"
964th query was erroneous: got "Brooklands", but expected "Coundon Social Club Ltd"
967th query was erroneous: got "IVY BUSH INN", but expected "LLANDYBIE SOCIAL & ATHLETIC CLUB"
978th query was erroneous: got "Fisherrow Yacht Club", but expected "Musselburgh Athletic FC"
981th query was erroneous: got "Portishead Working Mens Club", but expected "The Old Mill Bar and Kitchen"
Loading dataset (46988 vectors of length 2) took 0.16129469871520996
Performing 1000 NN queries took 0.8316540718078613
Number of erroneous queries: 149
Data: /data/courses/2026_dat471_dit066/datasets/pubs/pubs.csv, Query: /data/courses/2026_dat471_dit066/datasets/pubs/pub_queries_medium.txt, Batch size: 1
