Traceback (most recent call last):
  File "/data/users/melkergu/DAT471/Assignment7/Problem2/nnquery.py", line 148, in <module>
    I = linear_scan(X,Q,args.batch_size)
  File "/data/users/melkergu/DAT471/Assignment7/Problem2/nnquery.py", line 43, in linear_scan
    D = Q_batch[:, cp.newaxis, :] - X[cp.newaxis, :, :]
        ~~~~~~~~~~~~~~~~~~~~~~~~~~^~~~~~~~~~~~~~~~~~~~~
  File "cupy/_core/core.pyx", line 1497, in cupy._core.core._ndarray_base.__sub__
  File "cupy/_core/_kernel.pyx", line 1357, in cupy._core._kernel.ufunc.__call__
  File "cupy/_core/_kernel.pyx", line 636, in cupy._core._kernel._get_out_args_from_optionals
  File "cupy/_core/core.pyx", line 3157, in cupy._core.core._ndarray_init
  File "cupy/_core/core.pyx", line 297, in cupy._core.core._ndarray_base._init_fast
  File "cupy/cuda/memory.pyx", line 877, in cupy.cuda.memory.alloc
  File "cupy/cuda/memory.pyx", line 1622, in cupy.cuda.memory.MemoryPool.malloc
  File "cupy/cuda/memory.pyx", line 1643, in cupy.cuda.memory.MemoryPool.malloc
  File "cupy/cuda/memory.pyx", line 1290, in cupy.cuda.memory.SingleDeviceMemoryPool.malloc
  File "cupy/cuda/memory.pyx", line 1311, in cupy.cuda.memory.SingleDeviceMemoryPool._malloc
  File "cupy/cuda/memory.pyx", line 1566, in cupy.cuda.memory.SingleDeviceMemoryPool._try_malloc
  File "cupy/cuda/memory.pyx", line 1569, in cupy.cuda.memory.SingleDeviceMemoryPool._try_malloc
cupy.cuda.memory.OutOfMemoryError: Out of memory allocating 21,081,763,328 bytes (allocated so far: 44,799,955,456 bytes).
Data: /data/courses/2026_dat471_dit066/datasets/glove/glove.840B.300d.txt, Query: /data/courses/2026_dat471_dit066/datasets/glove/glove.840B.300d_queries_medium.txt, Batch size: 8
