2th query was erroneous: got "Golden Last", but expected "Wilsons Pub"
5th query was erroneous: got "Brewers Inn", but expected "Spread Eagle"
23th query was erroneous: got "Horse & Jockey", but expected "Wellfield Working Mens Club"
31th query was erroneous: got "Penybont Inn", but expected "Ynyscedwyn Arms"
38th query was erroneous: got "Nags Head", but expected "Toby Carvery"
48th query was erroneous: got "Barton's -The Gallery", but expected "Chilwell Masonic Club"
50th query was erroneous: got "Old Toll Bar", but expected "Intack Inn"
61th query was erroneous: got "Ocean Inn", but expected "The City Of London"
74th query was erroneous: got "The Mill Inn", but expected "Deal Welfare Club"
101th query was erroneous: got "Deaf Society", but expected "The Demi"
105th query was erroneous: got "Wood Green AFS Association", but expected "Grand Palace"
107th query was erroneous: got "Dean Street Social Club", but expected "The Victoria Inn"
128th query was erroneous: got "Jolly Carter", but expected "Queens Arms"
129th query was erroneous: got "Cricketers Rest", but expected "Kimberley Institute Cricket Club"
131th query was erroneous: got "Dogstar", but expected "The Craft Beer Co"
147th query was erroneous: got "Burton House", but expected "Shankhouse Sports & Social Club"
148th query was erroneous: got "Cock Inn", but expected "The Queen's Head"
153th query was erroneous: got "Cleveland Hotel", but expected "Lobster Inn"
164th query was erroneous: got "Cross Keys Bar", but expected "Rascals Bar St Andrews"
166th query was erroneous: got "Stitches", but expected "Wharton Arms Hotel"
169th query was erroneous: got "Hamilton Churches Drop In Centre", but expected "The Bay Horse"
174th query was erroneous: got "Cherry Tree", but expected "Libertys Gin Bar & Diner"
178th query was erroneous: got "The Craft Beer Co Limehouse", but expected "The Old Ship"
183th query was erroneous: got "Charlies Bar", but expected "North Shields Catholic Club"
189th query was erroneous: got "Prestonpans Labour Club", but expected "Railway Tavern"
190th query was erroneous: got "Lord Haig", but expected "The Hummingbird"
195th query was erroneous: got "The Black Horse", but expected "The Blue Crown"
202th query was erroneous: got "Bulls Head", but expected "Heyside Cricket Club"
205th query was erroneous: got "Badminton Hotel", but expected "Tredegar Arms"
207th query was erroneous: got "Amber Lounge", but expected "Central Snooker"
211th query was erroneous: got "Bill's Bar", but expected "The Wheatsheaf"
224th query was erroneous: got "Generations", but expected "Joe Bananas"
245th query was erroneous: got "The Dog And Rabbit", but expected "The Fat Ox"
263th query was erroneous: got "Swan Inn", but expected "Fox and Goose Inn"
265th query was erroneous: got "The 1865 Club", but expected "Red Lion"
266th query was erroneous: got "Harringtons Bar & Eatery", but expected "Prescot Reform Club"
267th query was erroneous: got "Greetland Cricket & Bowling Cl", but expected "Queen Hotel"
276th query was erroneous: got "Mermaid Bar", but expected "Southerness Golf Club"
278th query was erroneous: got "Featherstone Hotel", but expected "The Number One"
284th query was erroneous: got "Railway Inn", but expected "Wheatsheaf Hotel"
288th query was erroneous: got "Wishaw Bowling Club", but expected "Wishaw Malt"
298th query was erroneous: got "The Spotted Cow", but expected "Hen & Chicken"
303th query was erroneous: got "Malden Manor Bowling Club", but expected "Miller & Carter"
304th query was erroneous: got "Baltic Market", but expected "Bubbles Champagne Bar"
309th query was erroneous: got "Kelvin Dock Bar", but expected "Maryhill Tavern"
326th query was erroneous: got "The Overchurch", but expected "The Willows"
333th query was erroneous: got "Herne Bay Little Theatre", but expected "The Heron"
345th query was erroneous: got "The Anchor Inn", but expected "The Kings Head"
347th query was erroneous: got "Cheers Sports Bar", but expected "Glanglasfor Club"
348th query was erroneous: got "The Apollo", but expected "Rosecrown Ltd T/A Rose And Crown"
349th query was erroneous: got "Brooksteed Alehouse", but expected "Grand Victorian Hotel"
355th query was erroneous: got "Mat's Kitchen @ The Fat Cat", but expected "The Ale House"
359th query was erroneous: got "D U Caterers", but expected "The Lamb"
362th query was erroneous: got "Travellers Rest", but expected "Cockerton Band & Musical Inst."
374th query was erroneous: got "The Fountain", but expected "The Kings Arms"
375th query was erroneous: got "Royal Oak Bar", but expected "Strathdeveron Bar"
385th query was erroneous: got "Black Horse", but expected "Swan Inn"
387th query was erroneous: got "Old House At Home", but expected "Queens Head"
393th query was erroneous: got "Joiners Arms", but expected "The Farm House"
394th query was erroneous: got "The Great North Wood", but expected "The Horns Tavern"
410th query was erroneous: got "Alvechurch Sports & Social Club", but expected "Alvechurch Village Hall"
419th query was erroneous: got "Bridge Hotel", but expected "Riverside"
420th query was erroneous: got "Bar Vino Ltd", but expected "South Woodham Ferrers Rugby, Sports And Social Pavillion"
447th query was erroneous: got "The Albert Hotel", but expected "The New Griffin"
448th query was erroneous: got "NEWLISTON ARMS", but expected "Kirkliston Bowling Club"
459th query was erroneous: got "Hyde Tavern", but expected "The King Alfred"
467th query was erroneous: got "Church Inn", but expected "Royal Oak"
470th query was erroneous: got "Eclipse Inn", but expected "The Tip Inn"
477th query was erroneous: got "The Yard", but expected "Heat"
481th query was erroneous: got "The Club House Maerdy Con", but expected "Maerdy Ex Servicemens Club"
489th query was erroneous: got "Fitzroy Social Club", but expected "Lazy Toad"
496th query was erroneous: got "Alma Inn", but expected "The Lord Conyers"
497th query was erroneous: got "The Commercial", but expected "The Tap And Spile"
504th query was erroneous: got "The Friendship Inn", but expected "Middleton Cricket Club"
516th query was erroneous: got "Elland Golf Club", but expected "The Rock Inn Hotel (Bar)"
521th query was erroneous: got "Raven (Rotherham) Ltd", but expected "The Cavalier"
526th query was erroneous: got "Crown Meadow", but expected "Factory Arms"
533th query was erroneous: got "Horden Community Welfare FC", but expected "Horden Social Welfare Centre"
540th query was erroneous: got "Britannia Inn", but expected "Wainwrights Inn"
549th query was erroneous: got "OLD BANK BAR", but expected "THE 1224 CLUB [MASONIC LODGE]"
553th query was erroneous: got "The Dalesmans Club", but expected "Bolton Arms"
566th query was erroneous: got "Beer hawk", but expected "White hart"
571th query was erroneous: got "Welcome to the Forest Bar", but expected "The Victoria"
576th query was erroneous: got "Gainsborough Trinity Foundation", but expected "Melrose Sports and Social Club"
603th query was erroneous: got "County Hotel", but expected "Peebles Bowling Club"
609th query was erroneous: got "22 CLUB", but expected "NO 10 WINEBAR"
613th query was erroneous: got "Innerleithen Bowling Club", but expected "Innerleithen Union Club Co Ltd"
630th query was erroneous: got "Grapes", but expected "LUTTON PLACE BOWLING CLUB"
640th query was erroneous: got "Firefly", but expected "West Midlands Tavern"
643th query was erroneous: got "Harlow Masonic Hall Club", but expected "Janet Causton Catering"
645th query was erroneous: got "George and Devonshire", but expected "The Duke of York"
648th query was erroneous: got "Bridge Beers", but expected "Cosmos Bingo + Social Club"
658th query was erroneous: got "The Untraditional Pub", but expected "Georgios Sports Bar"
667th query was erroneous: got "Allsop Arms Public House", but expected "The Volunteer Public House"
678th query was erroneous: got "George & Dragon", but expected "Mother Shipton Inn"
685th query was erroneous: got "Castlehill Vaults", but expected "Masonic Club"
691th query was erroneous: got "169 Masonic Social Club", but expected "Bunkers, Auchenharvie Golf Club"
692th query was erroneous: got "Royal National Theatre", but expected "The Mulberry Bush"
697th query was erroneous: got "Balham and Tooting Community and Sports Club", but expected "The Devonshire"
708th query was erroneous: got "Adelphi Beer Engine", but expected "The Vic"
709th query was erroneous: got "Grapes Hotel", but expected "The Cheshire Cheese"
717th query was erroneous: got "The Hop Pole Bath", but expected "Victoria Pub & Kitchen"
736th query was erroneous: got "The Better Half", but expected "The Hove Club"
739th query was erroneous: got "Station Hill Social Club", but expected "The Beerhouse"
741th query was erroneous: got "Blarneys Free House", but expected "The New Inn"
742th query was erroneous: got "The yellow house", but expected "Whelan's free house"
748th query was erroneous: got "Morts Wine Bar", but expected "The Regent"
764th query was erroneous: got "Hastings Arms", but expected "Plough & Chequers PH"
775th query was erroneous: got "Dirty Martini", but expected "Slug and Lettuce"
785th query was erroneous: got "Labour Club", but expected "Whitstable Cricket Club"
797th query was erroneous: got "Hogs Head Brew House", but expected "Sowerby Bridge Working Mens Club"
799th query was erroneous: got "Polish Social Club", but expected "The Bowling Green"
805th query was erroneous: got "Famous Royal Naval Volunteer", but expected "King Street Brew House"
811th query was erroneous: got "The Fairhaven Club & Hotel", but expected "Tower Tavern Club"
814th query was erroneous: got "Stanhope Masonic Club", but expected "Stanhope Sports & Social Club Ltd"
820th query was erroneous: got "Bay Tree Restaurant", but expected "Ye Olde White Hart"
827th query was erroneous: got "Hand In Hand", but expected "Trimley Sports And Social Club"
833th query was erroneous: got "Aber & Senghenydd Ex-Servicemens Club", but expected "Leigh Hotel"
843th query was erroneous: got "Ilkley Bowling Club - Bar", but expected "The Flying Duck"
845th query was erroneous: got "Star Inn", but expected "Royal British Legion Club Ltd"
846th query was erroneous: got "Market Bar", but expected "65 Club"
853th query was erroneous: got "Brennans", but expected "The Corner Pin"
866th query was erroneous: got "Arbroath Indoor Bowling Club", but expected "Arbroath United Cricket Club"
867th query was erroneous: got "Eventim Apollo", but expected "Distillers"
869th query was erroneous: got "Burlington (Wath) Club Ltd", but expected "Wath Cricket Club"
878th query was erroneous: got "Farmers Arms", but expected "The Slipway"
884th query was erroneous: got "Abarbistro", but expected "The Wellington"
887th query was erroneous: got "Northowram Community Sports and Activity Club", but expected "Northowram Conservative Club"
890th query was erroneous: got "Railway Hotel", but expected "The Spirit of Endeavour"
901th query was erroneous: got "The Malthouse", but expected "Stretton Ale House"
902th query was erroneous: got "The Black Swan Hotel", but expected "Blue Bell Hotel"
918th query was erroneous: got "Marple Senior Citizens Hall", but expected "Navigation Inn"
921th query was erroneous: got "McGhee's Irish Bar", but expected "The Wheatsheaf"
932th query was erroneous: got "The Swan", but expected "Old Ebor Inn"
933th query was erroneous: got "The hope", but expected "Peckham liberal club"
936th query was erroneous: got "Bloomsbury Tavern", but expected "Craft  Beer"
939th query was erroneous: got "169 Masonic Social Club", but expected "Potters Snooker Club"
944th query was erroneous: got "Derby Arms", but expected "The Village Inn"
948th query was erroneous: got "Angel Gardens Freehouse", but expected "Little Gems Bar & Function Room"
964th query was erroneous: got "Brooklands", but expected "Coundon Social Club Ltd"
967th query was erroneous: got "IVY BUSH INN", but expected "LLANDYBIE SOCIAL & ATHLETIC CLUB"
978th query was erroneous: got "Hole In The Wa", but expected "Musselburgh Athletic FC"
981th query was erroneous: got "Portishead Working Mens Club", but expected "The Old Mill Bar and Kitchen"
Loading dataset (46988 vectors of length 2) to the CPU took 0.13377881050109863
Transferring dataset to the GPU took 0.21350336074829102
Loading queries (1000 vectors of length 2) to the CPU took 0.0013277530670166016
Transferring queries to the GPU took 0.00013065338134765625
Performing 1000 NN queries took 1.3828954696655273
Number of erroneous queries: 143
Transferring results to the CPU took 0.00019121170043945312
Data: /data/courses/2026_dat471_dit066/datasets/pubs/pubs.csv, Query: /data/courses/2026_dat471_dit066/datasets/pubs/pub_queries_medium.txt, Batch size: 8
