Traceback (most recent call last):
  File "/data/users/melkergu/DAT471/Assignment7/Problem4/nnquery.py", line 149, in <module>
    I = linear_scan(X,Q,args.batch_size)
  File "/data/users/melkergu/DAT471/Assignment7/Problem4/nnquery.py", line 45, in linear_scan
    D_squared = Q_squares + X_squares - 2 * Q_batch.dot(cp.transpose(X))
                                            ~~~~~~~~~~~^^^^^^^^^^^^^^^^^
  File "cupy/_core/core.pyx", line 1980, in cupy._core.core._ndarray_base.dot
  File "cupy/_core/_routines_linalg.pyx", line 538, in cupy._core._routines_linalg.dot
  File "cupy/_core/_routines_linalg.pyx", line 602, in cupy._core._routines_linalg.tensordot_core
  File "cupy/_core/core.pyx", line 3157, in cupy._core.core._ndarray_init
  File "cupy/_core/core.pyx", line 297, in cupy._core.core._ndarray_base._init_fast
  File "cupy/cuda/memory.pyx", line 877, in cupy.cuda.memory.alloc
  File "cupy/cuda/memory.pyx", line 1622, in cupy.cuda.memory.MemoryPool.malloc
  File "cupy/cuda/memory.pyx", line 1643, in cupy.cuda.memory.MemoryPool.malloc
  File "cupy/cuda/memory.pyx", line 1290, in cupy.cuda.memory.SingleDeviceMemoryPool.malloc
  File "cupy/cuda/memory.pyx", line 1311, in cupy.cuda.memory.SingleDeviceMemoryPool._malloc
  File "cupy/cuda/memory.pyx", line 1566, in cupy.cuda.memory.SingleDeviceMemoryPool._try_malloc
  File "cupy/cuda/memory.pyx", line 1569, in cupy.cuda.memory.SingleDeviceMemoryPool._try_malloc
cupy.cuda.memory.OutOfMemoryError: Out of memory allocating 35,979,542,528 bytes (allocated so far: 38,635,644,416 bytes).
Data: /data/courses/2026_dat471_dit066/datasets/glove/glove.840B.300d.txt, Query: /data/courses/2026_dat471_dit066/datasets/glove/glove.840B.300d_queries_big.txt, Batch size: 4096
