5th query was erroneous: got "Brewers Inn", but expected "Spread Eagle"
23th query was erroneous: got "Lowerplace Liberal Club", but expected "Wellfield Working Mens Club"
31th query was erroneous: got "Penybont Inn", but expected "Ynyscedwyn Arms"
36th query was erroneous: got "Riccarton Inn", but expected "LODGE 1029 COLINTON AND CURRIE"
38th query was erroneous: got "Nags Head", but expected "Toby Carvery"
47th query was erroneous: got "The Old Swanne", but expected "The Gardeners Arms"
50th query was erroneous: got "Red Lion Blackburn", but expected "Intack Inn"
55th query was erroneous: got "The Kirky Puffer", but expected "Kirkintilloch Miners Welfare And Social Club"
64th query was erroneous: got "Heat", but expected "Ballentines at The Quadrant Club"
74th query was erroneous: got "The Mill Inn", but expected "Deal Welfare Club"
81th query was erroneous: got "Power League Halesowen", but expected "The Widders P H"
102th query was erroneous: got "Leith Ex Servicemen's Club Ltd", but expected "Nauticus"
105th query was erroneous: got "Wood Green AFS Association", but expected "Grand Palace"
107th query was erroneous: got "Dean Street Social Club", but expected "The Victoria Inn"
110th query was erroneous: got "The Old Fish Market", but expected "BrewDog"
128th query was erroneous: got "Jolly Carter", but expected "Queens Arms"
129th query was erroneous: got "Nelson & Railway Inn", but expected "Kimberley Institute Cricket Club"
131th query was erroneous: got "Dogstar", but expected "The Craft Beer Co"
150th query was erroneous: got "Kings Arms Public House", but expected "Crown Public House"
164th query was erroneous: got "Cross Keys Bar", but expected "Rascals Bar St Andrews"
166th query was erroneous: got "Stitches", but expected "Wharton Arms Hotel"
174th query was erroneous: got "Culcheth Village Club", but expected "Libertys Gin Bar & Diner"
178th query was erroneous: got "The Craft Beer Co Limehouse", but expected "The Old Ship"
190th query was erroneous: got "Lord Haig", but expected "The Hummingbird"
192th query was erroneous: got "The Tavern", but expected "Roaring Donkey"
195th query was erroneous: got "The Black Horse", but expected "The Blue Crown"
196th query was erroneous: got "Hustle Bar Ltd", but expected "Bold Street Social Club"
202th query was erroneous: got "Bulls Head", but expected "Heyside Cricket Club"
205th query was erroneous: got "Badminton Hotel", but expected "Tredegar Arms"
207th query was erroneous: got "Amber Lounge", but expected "Central Snooker"
211th query was erroneous: got "Bill's Bar", but expected "The Wheatsheaf"
217th query was erroneous: got "Beighton Welfare (Recreation Ground)", but expected "Beighton Top Club"
223th query was erroneous: got "The Snooty Fox (Bar Only)", but expected "Oakworth Social Club (Bar Only)"
245th query was erroneous: got "The Brewery And Whitley Bay Brewing Company", but expected "The Fat Ox"
263th query was erroneous: got "Swan Inn", but expected "Fox and Goose Inn"
265th query was erroneous: got "The 1865 Club", but expected "Red Lion"
266th query was erroneous: got "Royal Oak", but expected "Prescot Reform Club"
267th query was erroneous: got "Greetland Cricket & Bowling Cl", but expected "Queen Hotel"
272th query was erroneous: got "West Leeds Sports And Social Club", but expected "Leeds Bar And Grill"
276th query was erroneous: got "Mermaid Bar", but expected "Southerness Golf Club"
278th query was erroneous: got "Featherstone Hotel", but expected "The Number One"
282th query was erroneous: got "Spearmint Rhino", but expected "Bamboo Door"
284th query was erroneous: got "Railway Inn", but expected "Wheatsheaf Hotel"
290th query was erroneous: got "The Travellers Friend Public House", but expected "The Horse & Well Public House"
293th query was erroneous: got "Ship Inn", but expected "Roscoe's Bar"
298th query was erroneous: got "The Spotted Cow", but expected "Hen & Chicken"
299th query was erroneous: got "Cottles Bar", but expected "The Commercial Willington"
303th query was erroneous: got "Malden Manor Bowling Club", but expected "Miller & Carter"
304th query was erroneous: got "Baltic Market", but expected "Bubbles Champagne Bar"
308th query was erroneous: got "Waterloo Inn", but expected "381 Restaurant"
309th query was erroneous: got "Kelvin Dock Bar", but expected "Maryhill Tavern"
326th query was erroneous: got "The Overchurch", but expected "The Willows"
333th query was erroneous: got "Herne Bay Little Theatre", but expected "The Heron"
335th query was erroneous: got "The General Havelock", but expected "High Wycombe Rugby Union Football Club"
347th query was erroneous: got "Cheers Sports Bar", but expected "Glanglasfor Club"
348th query was erroneous: got "De Rodes Arms", but expected "Rosecrown Ltd T/A Rose And Crown"
349th query was erroneous: got "Brooksteed Alehouse", but expected "Grand Victorian Hotel"
355th query was erroneous: got "Rubix", but expected "The Ale House"
358th query was erroneous: got "May Garland Inn", but expected "Horam Park Golf Course"
359th query was erroneous: got "D U Caterers", but expected "The Lamb"
362th query was erroneous: got "Travellers Rest", but expected "Cockerton Band & Musical Inst."
367th query was erroneous: got "Victoria Warehouse", but expected "Ice Bar"
375th query was erroneous: got "The Crown Bar", but expected "Strathdeveron Bar"
385th query was erroneous: got "Black Horse", but expected "Swan Inn"
387th query was erroneous: got "Old House At Home", but expected "Queens Head"
393th query was erroneous: got "The Bull Inn", but expected "The Farm House"
419th query was erroneous: got "Crown Posada", but expected "Riverside"
430th query was erroneous: got "The Lamb Inn", but expected "The Bear Inn"
440th query was erroneous: got "The Southern", but expected "High Dive Pub and Slice Bar"
447th query was erroneous: got "The Albert Hotel", but expected "The New Griffin"
448th query was erroneous: got "NEWLISTON ARMS", but expected "Kirkliston Bowling Club"
450th query was erroneous: got "The Clock", but expected "Stormont Main Working Mens Club"
459th query was erroneous: got "Hyde Tavern", but expected "The King Alfred"
467th query was erroneous: got "Crown & Cushion", but expected "Royal Oak"
470th query was erroneous: got "Eclipse Inn", but expected "The Tip Inn"
471th query was erroneous: got "Lochlands Bowling Club", but expected "Corner Bar"
481th query was erroneous: got "The Club House Maerdy Con", but expected "Maerdy Ex Servicemens Club"
489th query was erroneous: got "Fitzroy Social Club", but expected "Lazy Toad"
495th query was erroneous: got "The Establishment", but expected "Corner House Sports Bar"
496th query was erroneous: got "The White Lady", but expected "The Lord Conyers"
497th query was erroneous: got "The Commercial", but expected "The Tap And Spile"
501th query was erroneous: got "The Three Crowns", but expected "Britannia Inn"
504th query was erroneous: got "The Friendship Inn", but expected "Middleton Cricket Club"
516th query was erroneous: got "Elland Golf Club", but expected "The Rock Inn Hotel (Bar)"
521th query was erroneous: got "Raven (Rotherham) Ltd", but expected "The Cavalier"
523th query was erroneous: got "Brennans", but expected "The Mill and Brook"
526th query was erroneous: got "Crown Meadow", but expected "Factory Arms"
540th query was erroneous: got "Britannia Inn", but expected "Wainwrights Inn"
546th query was erroneous: got "The George Inn", but expected "The Dolphin"
549th query was erroneous: got "OLD BANK BAR", but expected "THE 1224 CLUB [MASONIC LODGE]"
566th query was erroneous: got "Beer hawk", but expected "White hart"
603th query was erroneous: got "County Hotel", but expected "Peebles Bowling Club"
609th query was erroneous: got "22 CLUB", but expected "NO 10 WINEBAR"
630th query was erroneous: got "The Southern", but expected "LUTTON PLACE BOWLING CLUB"
631th query was erroneous: got "WM Catering Ltd", but expected "The Wheatsheaf Hotel"
640th query was erroneous: got "Firefly", but expected "West Midlands Tavern"
642th query was erroneous: got "Cottles Bar", but expected "Willington WMC & Institute"
643th query was erroneous: got "Harlow Masonic Hall Club", but expected "Janet Causton Catering"
645th query was erroneous: got "George and Devonshire", but expected "The Duke of York"
658th query was erroneous: got "The Untraditional Pub", but expected "Georgios Sports Bar"
670th query was erroneous: got "55 Wade Street", but expected "George IV"
677th query was erroneous: got "Mojo", but expected "27 Bar"
678th query was erroneous: got "George & Dragon", but expected "Mother Shipton Inn"
685th query was erroneous: got "Charlie's Bar", but expected "Masonic Club"
691th query was erroneous: got "Potters Snooker Club", but expected "Bunkers, Auchenharvie Golf Club"
697th query was erroneous: got "Balham and Tooting Community and Sports Club", but expected "The Devonshire"
701th query was erroneous: got "The Paramount", but expected "O2 Ritz Manchester"
704th query was erroneous: got "Old Talbot", but expected "Kings Head"
708th query was erroneous: got "Adelphi Beer Engine", but expected "The Vic"
709th query was erroneous: got "Grapes Hotel", but expected "The Cheshire Cheese"
717th query was erroneous: got "The Hop Pole Bath", but expected "Victoria Pub & Kitchen"
736th query was erroneous: got "The Better Half", but expected "The Hove Club"
739th query was erroneous: got "Station Hill Social Club", but expected "The Beerhouse"
740th query was erroneous: got "Royal British Legion Scotland", but expected "Montrose Roselea JFC"
742th query was erroneous: got "The yellow house", but expected "Whelan's free house"
748th query was erroneous: got "Morts Wine Bar", but expected "The Regent"
764th query was erroneous: got "Hastings Arms", but expected "Plough & Chequers PH"
767th query was erroneous: got "Meltdown", but expected "Kennedy's Public House"
775th query was erroneous: got "Enoteca", but expected "Slug and Lettuce"
785th query was erroneous: got "Labour Club", but expected "Whitstable Cricket Club"
794th query was erroneous: got "Rifle Volunteer", but expected "High Oak Public House"
795th query was erroneous: got "Riverside", but expected "Lloyds No 1"
798th query was erroneous: got "Smethwick Labour Club", but expected "Red Cow Heritage Banqueting & Catering"
799th query was erroneous: got "Polish Social Club", but expected "The Bowling Green"
801th query was erroneous: got "Robin Hood Inn", but expected "Red Lion Hotel (Bar Only)"
805th query was erroneous: got "Famous Royal Naval Volunteer", but expected "King Street Brew House"
811th query was erroneous: got "The Fairhaven Club & Hotel", but expected "Tower Tavern Club"
814th query was erroneous: got "Stanhope Masonic Club", but expected "Stanhope Sports & Social Club Ltd"
819th query was erroneous: got "The Showbar", but expected "Bear and Bottle"
820th query was erroneous: got "Bay Tree Restaurant", but expected "Ye Olde White Hart"
833th query was erroneous: got "Aber & Senghenydd Ex-Servicemens Club", but expected "Leigh Hotel"
841th query was erroneous: got "Ayr Railway Welfare Club", but expected "Horseshoe Bar"
843th query was erroneous: got "Ilkley Constitutional Club", but expected "The Flying Duck"
845th query was erroneous: got "Star Inn", but expected "Royal British Legion Club Ltd"
846th query was erroneous: got "Troupers", but expected "65 Club"
847th query was erroneous: got "Byfleet Bowling Club", but expected "Queens Head Public House"
853th query was erroneous: got "Brennans", but expected "The Corner Pin"
867th query was erroneous: got "Eventim Apollo", but expected "Distillers"
869th query was erroneous: got "Burlington (Wath) Club Ltd", but expected "Wath Cricket Club"
878th query was erroneous: got "Farmers Arms", but expected "The Slipway"
884th query was erroneous: got "Abarbistro", but expected "The Wellington"
885th query was erroneous: got "The White Bear Inn", but expected "Spinners Arms"
887th query was erroneous: got "Northowram Community Sports and Activity Club", but expected "Northowram Conservative Club"
890th query was erroneous: got "Railway Hotel", but expected "The Spirit of Endeavour"
901th query was erroneous: got "The Malthouse", but expected "Stretton Ale House"
902th query was erroneous: got "The Black Swan Hotel", but expected "Blue Bell Hotel"
906th query was erroneous: got "Drouthy Neebors", but expected "The Waterside"
921th query was erroneous: got "McGhee's Irish Bar", but expected "The Wheatsheaf"
929th query was erroneous: got "The Canny Mans", but expected "BENNETS BAR"
932th query was erroneous: got "The Swan", but expected "Old Ebor Inn"
933th query was erroneous: got "The hope", but expected "Peckham liberal club"
936th query was erroneous: got "The Angel Public House", but expected "Craft  Beer"
939th query was erroneous: got "169 Masonic Social Club", but expected "Potters Snooker Club"
943th query was erroneous: got "Duke Of Cambridge", but expected "Bunga Bunga"
944th query was erroneous: got "Derby Arms", but expected "The Village Inn"
948th query was erroneous: got "Angel Gardens Freehouse", but expected "Little Gems Bar & Function Room"
981th query was erroneous: got "Portishead Working Mens Club", but expected "The Old Mill Bar and Kitchen"
993th query was erroneous: got "The Bobbin Carrier", but expected "Brewers Fayre"
Loading dataset (46988 vectors of length 2) to the CPU took 0.19520974159240723
Transferring dataset to the GPU took 0.22060704231262207
Loading queries (1000 vectors of length 2) to the CPU took 0.0014469623565673828
Transferring queries to the GPU took 0.00012922286987304688
Performing 1000 NN queries took 1.563291311264038
Number of erroneous queries: 158
Transferring results to the CPU took 7.128715515136719e-05
Data: /data/courses/2026_dat471_dit066/datasets/pubs/pubs.csv, Query: /data/courses/2026_dat471_dit066/datasets/pubs/pub_queries_medium.txt, Batch size: 8
