5th query was erroneous: got "Brewers Inn", but expected "Spread Eagle"
23th query was erroneous: got "Lowerplace Liberal Club", but expected "Wellfield Working Mens Club"
29th query was erroneous: got "Lodge Houston St. Johnstone", but expected "Bar 20:10"
31th query was erroneous: got "Penybont Inn", but expected "Ynyscedwyn Arms"
47th query was erroneous: got "The Old Swanne", but expected "The Gardeners Arms"
50th query was erroneous: got "Red Lion Blackburn", but expected "Intack Inn"
55th query was erroneous: got "The Kirky Puffer", but expected "Kirkintilloch Miners Welfare And Social Club"
74th query was erroneous: got "The Mill Inn", but expected "Deal Welfare Club"
101th query was erroneous: got "Deaf Society", but expected "The Demi"
102th query was erroneous: got "Leith Ex Servicemen's Club Ltd", but expected "Nauticus"
105th query was erroneous: got "Wood Green AFS Association", but expected "Grand Palace"
107th query was erroneous: got "Dean Street Social Club", but expected "The Victoria Inn"
110th query was erroneous: got "The Old Fish Market", but expected "BrewDog"
128th query was erroneous: got "Jolly Carter", but expected "Queens Arms"
129th query was erroneous: got "Nelson & Railway Inn", but expected "Kimberley Institute Cricket Club"
131th query was erroneous: got "Dogstar", but expected "The Craft Beer Co"
150th query was erroneous: got "Kings Arms Public House", but expected "Crown Public House"
164th query was erroneous: got "The Criterion", but expected "Rascals Bar St Andrews"
166th query was erroneous: got "Stitches", but expected "Wharton Arms Hotel"
169th query was erroneous: got "Hamilton Churches Drop In Centre", but expected "The Bay Horse"
174th query was erroneous: got "Culcheth Village Club", but expected "Libertys Gin Bar & Diner"
178th query was erroneous: got "The Craft Beer Co Limehouse", but expected "The Old Ship"
190th query was erroneous: got "Lord Haig", but expected "The Hummingbird"
192th query was erroneous: got "The Tavern", but expected "Roaring Donkey"
195th query was erroneous: got "The Black Horse", but expected "The Blue Crown"
196th query was erroneous: got "Hustle Bar Ltd", but expected "Bold Street Social Club"
205th query was erroneous: got "Badminton Hotel", but expected "Tredegar Arms"
207th query was erroneous: got "Amber Lounge", but expected "Central Snooker"
211th query was erroneous: got "Bill's Bar", but expected "The Wheatsheaf"
216th query was erroneous: got "Broadway Bowling Club", but expected "The Horse And Hounds"
224th query was erroneous: got "Whittington Cat", but expected "Joe Bananas"
245th query was erroneous: got "The Brewery And Whitley Bay Brewing Company", but expected "The Fat Ox"
263th query was erroneous: got "Swan Inn", but expected "Fox and Goose Inn"
265th query was erroneous: got "The 1865 Club", but expected "Red Lion"
266th query was erroneous: got "Royal Oak", but expected "Prescot Reform Club"
267th query was erroneous: got "Greetland Cricket & Bowling Cl", but expected "Queen Hotel"
278th query was erroneous: got "Featherstone Hotel", but expected "The Number One"
280th query was erroneous: got "Rose and Crown", but expected "Ancient Mariner"
282th query was erroneous: got "Industry Tap", but expected "Bamboo Door"
284th query was erroneous: got "Railway Inn", but expected "Wheatsheaf Hotel"
288th query was erroneous: got "Wishaw Bowling Club", but expected "Wishaw Malt"
290th query was erroneous: got "The Travellers Friend Public House", but expected "The Horse & Well Public House"
298th query was erroneous: got "The Spotted Cow", but expected "Hen & Chicken"
300th query was erroneous: got "Edinburgh Fitness and Wellbeing Centre", but expected "Corn Exchange"
303th query was erroneous: got "Malden Manor Bowling Club", but expected "Miller & Carter"
304th query was erroneous: got "Baltic Market", but expected "Bubbles Champagne Bar"
308th query was erroneous: got "Waterloo Inn", but expected "381 Restaurant"
326th query was erroneous: got "The Overchurch", but expected "The Willows"
335th query was erroneous: got "The General Havelock", but expected "High Wycombe Rugby Union Football Club"
340th query was erroneous: got "Windsor Castle", but expected "Greencoat Boy Public House"
347th query was erroneous: got "The Lorne", but expected "Glanglasfor Club"
348th query was erroneous: got "The Apollo", but expected "Rosecrown Ltd T/A Rose And Crown"
349th query was erroneous: got "Brooksteed Alehouse", but expected "Grand Victorian Hotel"
355th query was erroneous: got "Rubix", but expected "The Ale House"
358th query was erroneous: got "May Garland Inn", but expected "Horam Park Golf Course"
359th query was erroneous: got "D U Caterers", but expected "The Lamb"
362th query was erroneous: got "Travellers Rest", but expected "Cockerton Band & Musical Inst."
385th query was erroneous: got "Black Horse", but expected "Swan Inn"
387th query was erroneous: got "Old House At Home", but expected "Queens Head"
392th query was erroneous: got "Lodge St Bryde No 579", but expected "Angels Hotel"
393th query was erroneous: got "The Bull Inn", but expected "The Farm House"
407th query was erroneous: got "Curley's Bar", but expected "Grey Nags Head"
419th query was erroneous: got "Crown Posada", but expected "Riverside"
430th query was erroneous: got "The Lamb Inn", but expected "The Bear Inn"
440th query was erroneous: got "LUTTON PLACE BOWLING CLUB", but expected "High Dive Pub and Slice Bar"
448th query was erroneous: got "NEWLISTON ARMS", but expected "Kirkliston Bowling Club"
450th query was erroneous: got "The Clock", but expected "Stormont Main Working Mens Club"
459th query was erroneous: got "Hyde Tavern", but expected "The King Alfred"
467th query was erroneous: got "Church Inn", but expected "Royal Oak"
470th query was erroneous: got "Eclipse Inn", but expected "The Tip Inn"
471th query was erroneous: got "Lochlands Bowling Club", but expected "Corner Bar"
481th query was erroneous: got "The Club House Maerdy Con", but expected "Maerdy Ex Servicemens Club"
489th query was erroneous: got "Fitzroy Social Club", but expected "Lazy Toad"
495th query was erroneous: got "Kingsway Hotel", but expected "Corner House Sports Bar"
496th query was erroneous: got "Alma Inn", but expected "The Lord Conyers"
497th query was erroneous: got "The Commercial", but expected "The Tap And Spile"
504th query was erroneous: got "The Friendship Inn", but expected "Middleton Cricket Club"
521th query was erroneous: got "Raven (Rotherham) Ltd", but expected "The Cavalier"
523th query was erroneous: got "Brennans", but expected "The Mill and Brook"
526th query was erroneous: got "Crown Meadow", but expected "Factory Arms"
540th query was erroneous: got "Britannia Inn", but expected "Wainwrights Inn"
546th query was erroneous: got "The George Inn", but expected "The Dolphin"
549th query was erroneous: got "OLD BANK BAR", but expected "THE 1224 CLUB [MASONIC LODGE]"
603th query was erroneous: got "County Hotel", but expected "Peebles Bowling Club"
609th query was erroneous: got "GLENTANAR BAR", but expected "NO 10 WINEBAR"
613th query was erroneous: got "Innerleithen Bowling Club", but expected "Innerleithen Union Club Co Ltd"
631th query was erroneous: got "WM Catering Ltd", but expected "The Wheatsheaf Hotel"
640th query was erroneous: got "Firefly", but expected "West Midlands Tavern"
642th query was erroneous: got "Cottles Bar", but expected "Willington WMC & Institute"
643th query was erroneous: got "Harlow Masonic Hall Club", but expected "Janet Causton Catering"
645th query was erroneous: got "George and Devonshire", but expected "The Duke of York"
648th query was erroneous: got "The White House", but expected "Cosmos Bingo + Social Club"
658th query was erroneous: got "The Untraditional Pub", but expected "Georgios Sports Bar"
667th query was erroneous: got "Allsop Arms Public House", but expected "The Volunteer Public House"
670th query was erroneous: got "The Acorn Inn", but expected "George IV"
678th query was erroneous: got "George & Dragon", but expected "Mother Shipton Inn"
685th query was erroneous: got "Charlie's Bar", but expected "Masonic Club"
691th query was erroneous: got "Pop Inn", but expected "Bunkers, Auchenharvie Golf Club"
697th query was erroneous: got "Balham and Tooting Community and Sports Club", but expected "The Devonshire"
701th query was erroneous: got "The Paramount", but expected "O2 Ritz Manchester"
704th query was erroneous: got "Old Talbot", but expected "Kings Head"
708th query was erroneous: got "Adelphi Beer Engine", but expected "The Vic"
709th query was erroneous: got "Grapes Hotel", but expected "The Cheshire Cheese"
717th query was erroneous: got "The Hop Pole Bath", but expected "Victoria Pub & Kitchen"
736th query was erroneous: got "The Better Half", but expected "The Hove Club"
739th query was erroneous: got "Station Hill Social Club", but expected "The Beerhouse"
742th query was erroneous: got "The yellow house", but expected "Whelan's free house"
748th query was erroneous: got "Morts Wine Bar", but expected "The Regent"
764th query was erroneous: got "Hastings Arms", but expected "Plough & Chequers PH"
767th query was erroneous: got "Meltdown", but expected "Kennedy's Public House"
775th query was erroneous: got "Enoteca", but expected "Slug and Lettuce"
785th query was erroneous: got "Labour Club", but expected "Whitstable Cricket Club"
794th query was erroneous: got "Rifle Volunteer", but expected "High Oak Public House"
795th query was erroneous: got "Riverside", but expected "Lloyds No 1"
798th query was erroneous: got "Smethwick Labour Club", but expected "Red Cow Heritage Banqueting & Catering"
799th query was erroneous: got "Polish Social Club", but expected "The Bowling Green"
801th query was erroneous: got "Robin Hood Inn", but expected "Red Lion Hotel (Bar Only)"
805th query was erroneous: got "Famous Royal Naval Volunteer", but expected "King Street Brew House"
811th query was erroneous: got "The Fairhaven Club & Hotel", but expected "Tower Tavern Club"
814th query was erroneous: got "Stanhope Masonic Club", but expected "Stanhope Sports & Social Club Ltd"
819th query was erroneous: got "Cromwells", but expected "Bear and Bottle"
820th query was erroneous: got "Bay Tree Restaurant", but expected "Ye Olde White Hart"
841th query was erroneous: got "Ayr Railway Welfare Club", but expected "Horseshoe Bar"
843th query was erroneous: got "Ilkley Constitutional Club", but expected "The Flying Duck"
845th query was erroneous: got "Star Inn", but expected "Royal British Legion Club Ltd"
846th query was erroneous: got "Super Cuisine", but expected "65 Club"
847th query was erroneous: got "Byfleet Bowling Club", but expected "Queens Head Public House"
853th query was erroneous: got "Stage One", but expected "The Corner Pin"
866th query was erroneous: got "Arbroath Indoor Bowling Club", but expected "Arbroath United Cricket Club"
867th query was erroneous: got "Eventim Apollo", but expected "Distillers"
869th query was erroneous: got "Burlington (Wath) Club Ltd", but expected "Wath Cricket Club"
878th query was erroneous: got "Farmers Arms", but expected "The Slipway"
884th query was erroneous: got "Abarbistro", but expected "The Wellington"
885th query was erroneous: got "The White Bear Inn", but expected "Spinners Arms"
887th query was erroneous: got "Northowram Community Sports and Activity Club", but expected "Northowram Conservative Club"
890th query was erroneous: got "Railway Hotel", but expected "The Spirit of Endeavour"
901th query was erroneous: got "The Malthouse", but expected "Stretton Ale House"
902th query was erroneous: got "The Black Swan Hotel", but expected "Blue Bell Hotel"
906th query was erroneous: got "Drouthy Neebors", but expected "The Waterside"
920th query was erroneous: got "ELECTRIC PALACE", but expected "The Woodman"
921th query was erroneous: got "McGhee's Irish Bar", but expected "The Wheatsheaf"
929th query was erroneous: got "The Waiting Room", but expected "BENNETS BAR"
932th query was erroneous: got "The Swan", but expected "Old Ebor Inn"
933th query was erroneous: got "The hope", but expected "Peckham liberal club"
936th query was erroneous: got "The Angel Public House", but expected "Craft  Beer"
939th query was erroneous: got "169 Masonic Social Club", but expected "Potters Snooker Club"
943th query was erroneous: got "Duke Of Cambridge", but expected "Bunga Bunga"
944th query was erroneous: got "Derby Arms", but expected "The Village Inn"
948th query was erroneous: got "The Forge", but expected "Little Gems Bar & Function Room"
967th query was erroneous: got "IVY BUSH INN", but expected "LLANDYBIE SOCIAL & ATHLETIC CLUB"
978th query was erroneous: got "Hole In The Wa", but expected "Musselburgh Athletic FC"
981th query was erroneous: got "Portishead Working Mens Club", but expected "The Old Mill Bar and Kitchen"
Loading dataset (46988 vectors of length 2) to the CPU took 0.16910719871520996
Transferring dataset to the GPU took 0.22607731819152832
Loading queries (1000 vectors of length 2) to the CPU took 0.0011343955993652344
Transferring queries to the GPU took 0.0001354217529296875
Performing 1000 NN queries took 1.4789917469024658
Number of erroneous queries: 152
Transferring results to the CPU took 7.200241088867188e-05
Data: /data/courses/2026_dat471_dit066/datasets/pubs/pubs.csv, Query: /data/courses/2026_dat471_dit066/datasets/pubs/pub_queries_medium.txt, Batch size: 32
