2th query was erroneous: got "Golden Last", but expected "Wilsons Pub"
5th query was erroneous: got "Brewers Inn", but expected "Spread Eagle"
23th query was erroneous: got "Lowerplace Liberal Club", but expected "Wellfield Working Mens Club"
29th query was erroneous: got "Lodge Houston St. Johnstone", but expected "Bar 20:10"
31th query was erroneous: got "Penybont Inn", but expected "Ynyscedwyn Arms"
32th query was erroneous: got "Southwick Sports and Social Club", but expected "Cricketers"
36th query was erroneous: got "Riccarton Inn", but expected "LODGE 1029 COLINTON AND CURRIE"
50th query was erroneous: got "Red Lion Blackburn", but expected "Intack Inn"
55th query was erroneous: got "The Kirky Puffer", but expected "Kirkintilloch Miners Welfare And Social Club"
81th query was erroneous: got "Power League Halesowen", but expected "The Widders P H"
101th query was erroneous: got "Deaf Society", but expected "The Demi"
102th query was erroneous: got "Leith Ex Servicemen's Club Ltd", but expected "Nauticus"
105th query was erroneous: got "Wood Green AFS Association", but expected "Grand Palace"
107th query was erroneous: got "Dean Street Social Club", but expected "The Victoria Inn"
110th query was erroneous: got "The Old Fish Market", but expected "BrewDog"
114th query was erroneous: got "Houlihans Variety Club", but expected "Heather Brow"
121th query was erroneous: got "Poole Labour Club", but expected "George Hotel"
128th query was erroneous: got "Jolly Carter", but expected "Queens Arms"
129th query was erroneous: got "Nelson & Railway Inn", but expected "Kimberley Institute Cricket Club"
131th query was erroneous: got "Dogstar", but expected "The Craft Beer Co"
148th query was erroneous: got "Cock Inn", but expected "The Queen's Head"
150th query was erroneous: got "Kings Arms Public House", but expected "Crown Public House"
164th query was erroneous: got "The Criterion", but expected "Rascals Bar St Andrews"
166th query was erroneous: got "Stitches", but expected "Wharton Arms Hotel"
169th query was erroneous: got "Hamilton Churches Drop In Centre", but expected "The Bay Horse"
174th query was erroneous: got "Cherry Tree", but expected "Libertys Gin Bar & Diner"
178th query was erroneous: got "The Craft Beer Co Limehouse", but expected "The Old Ship"
179th query was erroneous: got "Spinners Arms", but expected "Bowling Green Inn"
190th query was erroneous: got "Lord Haig", but expected "The Hummingbird"
192th query was erroneous: got "The Tavern", but expected "Roaring Donkey"
195th query was erroneous: got "The Black Horse", but expected "The Blue Crown"
196th query was erroneous: got "Hustle Bar Ltd", but expected "Bold Street Social Club"
202th query was erroneous: got "Bulls Head", but expected "Heyside Cricket Club"
205th query was erroneous: got "Badminton Hotel", but expected "Tredegar Arms"
206th query was erroneous: got "Queens Head Hotel", but expected "Coach and Horses"
207th query was erroneous: got "Amber Lounge", but expected "Central Snooker"
211th query was erroneous: got "Bill's Bar", but expected "The Wheatsheaf"
214th query was erroneous: got "Curry N Grill House", but expected "Charlemont Social Club & Institute"
216th query was erroneous: got "Broadway Bowling Club", but expected "The Horse And Hounds"
223th query was erroneous: got "The Snooty Fox (Bar Only)", but expected "Oakworth Social Club (Bar Only)"
245th query was erroneous: got "The Brewery And Whitley Bay Brewing Company", but expected "The Fat Ox"
263th query was erroneous: got "Swan Inn", but expected "Fox and Goose Inn"
265th query was erroneous: got "The 1865 Club", but expected "Red Lion"
266th query was erroneous: got "Royal Oak", but expected "Prescot Reform Club"
267th query was erroneous: got "Greetland Cricket & Bowling Cl", but expected "Queen Hotel"
278th query was erroneous: got "Featherstone Hotel", but expected "The Number One"
282th query was erroneous: got "Spearmint Rhino", but expected "Bamboo Door"
284th query was erroneous: got "Railway Inn", but expected "Wheatsheaf Hotel"
288th query was erroneous: got "Wishaw Bowling Club", but expected "Wishaw Malt"
290th query was erroneous: got "The Travellers Friend Public House", but expected "The Horse & Well Public House"
298th query was erroneous: got "The Spotted Cow", but expected "Hen & Chicken"
299th query was erroneous: got "Cottles Bar", but expected "The Commercial Willington"
300th query was erroneous: got "Edinburgh Fitness and Wellbeing Centre", but expected "Corn Exchange"
303th query was erroneous: got "Malden Manor Bowling Club", but expected "Miller & Carter"
304th query was erroneous: got "Baltic Market", but expected "Bubbles Champagne Bar"
308th query was erroneous: got "The Claremont Inn", but expected "381 Restaurant"
316th query was erroneous: got "The Townley", but expected "The Odds"
347th query was erroneous: got "The Lorne", but expected "Glanglasfor Club"
348th query was erroneous: got "The Apollo", but expected "Rosecrown Ltd T/A Rose And Crown"
349th query was erroneous: got "Brooksteed Alehouse", but expected "Grand Victorian Hotel"
355th query was erroneous: got "Rubix", but expected "The Ale House"
359th query was erroneous: got "D U Caterers", but expected "The Lamb"
362th query was erroneous: got "Travellers Rest", but expected "Cockerton Band & Musical Inst."
382th query was erroneous: got "The Firkin Shed (Micro pub)", but expected "Bournemouth East Conservative Club"
387th query was erroneous: got "The United Masonic Club", but expected "Queens Head"
392th query was erroneous: got "Lodge St Bryde No 579", but expected "Angels Hotel"
393th query was erroneous: got "The Bull Inn", but expected "The Farm House"
404th query was erroneous: got "Cox's Yard", but expected "Avon Bowling Club"
410th query was erroneous: got "The Swan Hotel", but expected "Alvechurch Village Hall"
419th query was erroneous: got "Crown Posada", but expected "Riverside"
440th query was erroneous: got "The Auld Hoose", but expected "High Dive Pub and Slice Bar"
448th query was erroneous: got "NEWLISTON ARMS", but expected "Kirkliston Bowling Club"
450th query was erroneous: got "The Clock", but expected "Stormont Main Working Mens Club"
459th query was erroneous: got "The Mucky Duck", but expected "The King Alfred"
467th query was erroneous: got "Crown & Cushion", but expected "Royal Oak"
470th query was erroneous: got "Eclipse Inn", but expected "The Tip Inn"
471th query was erroneous: got "Lochlands Bowling Club", but expected "Corner Bar"
481th query was erroneous: got "The Club House Maerdy Con", but expected "Maerdy Ex Servicemens Club"
490th query was erroneous: got "The White Hart", but expected "The Greyhound Inn"
495th query was erroneous: got "Kingsway Hotel", but expected "Corner House Sports Bar"
496th query was erroneous: got "Alma Inn", but expected "The Lord Conyers"
501th query was erroneous: got "The Three Crowns", but expected "Britannia Inn"
504th query was erroneous: got "The Friendship Inn", but expected "Middleton Cricket Club"
521th query was erroneous: got "Raven (Rotherham) Ltd", but expected "The Cavalier"
523th query was erroneous: got "Brennans", but expected "The Mill and Brook"
526th query was erroneous: got "Crown Meadow", but expected "Factory Arms"
540th query was erroneous: got "Britannia Inn", but expected "Wainwrights Inn"
549th query was erroneous: got "OLD BANK BAR", but expected "THE 1224 CLUB [MASONIC LODGE]"
603th query was erroneous: got "County Hotel", but expected "Peebles Bowling Club"
609th query was erroneous: got "GLENTANAR BAR", but expected "NO 10 WINEBAR"
613th query was erroneous: got "Innerleithen Bowling Club", but expected "Innerleithen Union Club Co Ltd"
630th query was erroneous: got "The Abbey Bar", but expected "LUTTON PLACE BOWLING CLUB"
631th query was erroneous: got "WM Catering Ltd", but expected "The Wheatsheaf Hotel"
640th query was erroneous: got "Firefly", but expected "West Midlands Tavern"
642th query was erroneous: got "The Commercial Willington", but expected "Willington WMC & Institute"
643th query was erroneous: got "Harlow Masonic Hall Club", but expected "Janet Causton Catering"
645th query was erroneous: got "George and Devonshire", but expected "The Duke of York"
648th query was erroneous: got "St Peters Social Club", but expected "Cosmos Bingo + Social Club"
658th query was erroneous: got "The Untraditional Pub", but expected "Georgios Sports Bar"
667th query was erroneous: got "Allsop Arms Public House", but expected "The Volunteer Public House"
670th query was erroneous: got "55 Wade Street", but expected "George IV"
678th query was erroneous: got "George & Dragon", but expected "Mother Shipton Inn"
685th query was erroneous: got "Charlie's Bar", but expected "Masonic Club"
691th query was erroneous: got "169 Masonic Social Club", but expected "Bunkers, Auchenharvie Golf Club"
697th query was erroneous: got "Balham and Tooting Community and Sports Club", but expected "The Devonshire"
701th query was erroneous: got "The Paramount", but expected "O2 Ritz Manchester"
704th query was erroneous: got "Old Talbot", but expected "Kings Head"
708th query was erroneous: got "Adelphi Beer Engine", but expected "The Vic"
709th query was erroneous: got "Grapes Hotel", but expected "The Cheshire Cheese"
734th query was erroneous: got "Smokeys", but expected "Off The Tap"
736th query was erroneous: got "The Better Half", but expected "The Hove Club"
739th query was erroneous: got "The Station Steakhouse", but expected "The Beerhouse"
741th query was erroneous: got "Blarneys Free House", but expected "The New Inn"
742th query was erroneous: got "The yellow house", but expected "Whelan's free house"
767th query was erroneous: got "Meltdown", but expected "Kennedy's Public House"
775th query was erroneous: got "The Fine Line", but expected "Slug and Lettuce"
785th query was erroneous: got "Labour Club", but expected "Whitstable Cricket Club"
794th query was erroneous: got "Rifle Volunteer", but expected "High Oak Public House"
795th query was erroneous: got "Riverside", but expected "Lloyds No 1"
799th query was erroneous: got "Polish Social Club", but expected "The Bowling Green"
805th query was erroneous: got "The Old Fish Market", but expected "King Street Brew House"
811th query was erroneous: got "The Fairhaven Club & Hotel", but expected "Tower Tavern Club"
814th query was erroneous: got "Stanhope Masonic Club", but expected "Stanhope Sports & Social Club Ltd"
819th query was erroneous: got "The Looking Glass", but expected "Bear and Bottle"
820th query was erroneous: got "Royal Exchange", but expected "Ye Olde White Hart"
841th query was erroneous: got "Ayr Railway Welfare Club", but expected "Horseshoe Bar"
845th query was erroneous: got "Star Inn", but expected "Royal British Legion Club Ltd"
846th query was erroneous: got "Super Cuisine", but expected "65 Club"
847th query was erroneous: got "Byfleet Bowling Club", but expected "Queens Head Public House"
853th query was erroneous: got "Stage One", but expected "The Corner Pin"
866th query was erroneous: got "Arbroath Indoor Bowling Club", but expected "Arbroath United Cricket Club"
867th query was erroneous: got "Eventim Apollo", but expected "Distillers"
869th query was erroneous: got "Burlington (Wath) Club Ltd", but expected "Wath Cricket Club"
884th query was erroneous: got "Abarbistro", but expected "The Wellington"
885th query was erroneous: got "The White Bear Inn", but expected "Spinners Arms"
887th query was erroneous: got "Northowram Community Sports and Activity Club", but expected "Northowram Conservative Club"
890th query was erroneous: got "Railway Hotel", but expected "The Spirit of Endeavour"
895th query was erroneous: got "Northenden Social Club", but expected "Bar Bibo"
901th query was erroneous: got "The Malthouse", but expected "Stretton Ale House"
902th query was erroneous: got "The Black Swan Hotel", but expected "Blue Bell Hotel"
906th query was erroneous: got "Drouthy Neebors", but expected "The Waterside"
918th query was erroneous: got "Marple Senior Citizens Hall", but expected "Navigation Inn"
920th query was erroneous: got "ELECTRIC PALACE", but expected "The Woodman"
921th query was erroneous: got "McGhee's Irish Bar", but expected "The Wheatsheaf"
932th query was erroneous: got "The Swan", but expected "Old Ebor Inn"
933th query was erroneous: got "The hope", but expected "Peckham liberal club"
936th query was erroneous: got "Cross Keys", but expected "Craft  Beer"
939th query was erroneous: got "The Cross Keys", but expected "Potters Snooker Club"
943th query was erroneous: got "Duke Of Cambridge", but expected "Bunga Bunga"
948th query was erroneous: got "Angel Gardens Freehouse", but expected "Little Gems Bar & Function Room"
964th query was erroneous: got "Brooklands", but expected "Coundon Social Club Ltd"
967th query was erroneous: got "IVY BUSH INN", but expected "LLANDYBIE SOCIAL & ATHLETIC CLUB"
978th query was erroneous: got "Hole In The Wa", but expected "Musselburgh Athletic FC"
981th query was erroneous: got "Portishead Working Mens Club", but expected "The Old Mill Bar and Kitchen"
993th query was erroneous: got "The Bobbin Carrier", but expected "Brewers Fayre"
Loading dataset (46988 vectors of length 2) to the CPU took 0.1635429859161377
Transferring dataset to the GPU took 0.2177271842956543
Loading queries (1000 vectors of length 2) to the CPU took 0.0007848739624023438
Transferring queries to the GPU took 0.00012636184692382812
Performing 1000 NN queries took 1.1918745040893555
Number of erroneous queries: 155
Transferring results to the CPU took 8.702278137207031e-05
Data: /data/courses/2026_dat471_dit066/datasets/pubs/pubs.csv, Query: /data/courses/2026_dat471_dit066/datasets/pubs/pub_queries_medium.txt, Batch size: 64
