No configs found; falling back on auto-configuration
No configs specified for local runner
Creating temp directory /tmp/assignment3_problem1c.melkergu.20260430.101505.930176
Running step 1 of 1...
job output is in /tmp/assignment3_problem1c.melkergu.20260430.101505.930176/output
Streaming final output from /tmp/assignment3_problem1c.melkergu.20260430.101505.930176/output...
"Epsilon Sculptoris"	1930
"Epsilon Scuti"	8365
"Epsilon Serpentis"	1370
"Delta Chamaeleonis"	136
"Delta Chandrasekhar"	4299
"Delta Circini"	2283
"Delta Corvi"	129
"Epsilon Librae"	635
"Epsilon Lipi"	2385
"Epsilon Lyncis"	2908
"Epsilon Muscae"	162
"Epsilon Normae"	7718
"Delta Normae"	792
"Delta Orionis"	2765
"Delta Persei"	2755
"Delta Pictoris"	4099
"Delta Piscium"	148
"Iota Orionis"	1430
"Iota Persei"	1155
"Iota Serpentis"	5566
"Kappa Chamaeleonis"	4356
"Eta Illuminati"	3786
"Eta Librae"	2027
"Eta Lyncis"	563
"Eta Orionis"	2417
"Eta Persei"	1513
"Epsilon Gruis"	281
"Epsilon Horologii"	1032
"Epsilon Hyades"	1133
"Epsilon Illuminati"	612
"Epsilon Krueger"	935
"Alpha Reticuli"	970
"Alpha Sagittae"	0
"Alpha Sagittarii"	3417
"Alpha Saurus"	548
"Alpha Scorpii"	1260
"Gamma Hyades"	1386
"Gamma Hydrae"	575
"Gamma Illuminati"	4401
"Gamma Kepler"	1011
"Gamma Krueger"	2176
"Delta Librae"	53
"Delta Lipi"	525
"Delta Lyncis"	153
"Delta Mira"	1395
"Delta Muscae"	606
"Epsilon Vulpeculae"	290
"Eta Aquarii"	3526
"Eta Bootis"	3125
"Eta Camelopardalis"	607
"Beta Cerenkov"	1123
"Beta Ceti"	4334
"Beta Chamaeleonis"	1298
"Alpha Luyten"	223
"Alpha Lyncis"	1150
"Alpha Lyrae"	507
"Alpha Maksutov"	6240
"Alpha Mensae"	485
"Gamma Sextantis"	1531
"Gamma Squidi"	409
"Gamma Tauri"	7307
"Gamma Telescopii"	668
"Beta Chandrasekhar"	4350
"Beta Circini"	6897
"Beta Columbae"	64
"Beta Copernicus"	5770
"Beta Corvi"	1658
"Gamma Capricorni"	120
"Gamma Carinae"	176
"Gamma Cassiopeiae"	2993
"Gamma Centauri"	1461
"Epsilon Arae"	364
"Epsilon Arietis"	567
"Epsilon Bootis"	676
"Epsilon Brahe"	270
"Zeta Giclas"	2225
"Zeta Gruis"	1768
"Zeta Horologii"	1796
"Zeta Hyades"	3735
"Zeta Illuminati"	1270
"Beta Krueger"	538
"Beta Lacaille"	45
"Beta Lacertae"	1169
"Beta Lalande"	1604
"Beta Lentilis"	4881
"Beta Leonis"	2746
"Beta Leporis"	3084
"Beta Librae"	942
"Beta Lipi"	3033
"Beta Squidi"	1556
"Beta Tauri"	5747
"Beta Telescopii"	68
"Beta Trianguli"	0
"Beta Tucanae"	2241
"Beta Wolf"	100
"Betelgeuse"	2816
"Canopus"	260
"Capella"	1248
"Delta Antliae"	2049
"Theta Crateris"	1769
"Theta Draconis"	3131
"Theta Giclas"	1548
"Alpha Octantis"	3798
"Alpha Olber"	6940
"Alpha Ophiuchi"	495
"Alpha Orionis"	14
"Alpha Pavonis"	2983
"Alpha Cephei"	4687
"Alpha Cerenkov"	5829
"Alpha Ceti"	11739
"Alpha Chamaeleonis"	6653
"Alpha Sculptoris"	6860
"Alpha Scuti"	327
"Alpha Serpentis"	3050
"Alpha Sextantis"	1820
"Theta Persei"	1013
"Theta Serpentis"	1589
"Vega"	762
"Vela"	982
"Xi Draconis"	493
"Zeeman"	10421
"Kappa Orionis"	2890
"Lambda Draconis"	2525
"Lambda Horologii"	1638
"Lambda Hyades"	1949
"Gamma Olber"	1095
"Gamma Ophiuchi"	1271
"Gamma Orionis"	2371
"Gamma Persei"	1462
"Gamma Ceti"	1900
"Gamma Chamaeleonis"	2472
"Gamma Chandrasekhar"	1613
"Gamma Circini"	4903
"Zeta Krueger"	2850
"Zeta Librae"	1133
"Zeta Lyncis"	801
"Zeta Muscae"	1258
"Zeta Normae"	180
"Alpha Capricorni"	114
"Alpha Carinae"	2080
"Alpha Cassiopeiae"	645
"Alpha Centauri"	11476
"Beta Hyginus"	1515
"Beta Illuminati"	715
"Beta Indi"	208
"Beta Kepler"	1274
"Beta Klystron"	1193
"Achernar"	389
"Alcor"	2906
"Aldebaran"	6488
"Algol"	330
"Almagest"	1959
"Zeta Serpentis"	2371
"Zeta Sextantis"	2637
"Zeta Tauri"	2106
"Zeta Volantis"	7912
"Zeta Vulpeculae"	9404
"Beta Camelopardalis"	3033
"Beta Cancri"	970
"Beta Capricorni"	2042
"Beta Carinae"	7982
"Beta Arietis"	1086
"Beta Aurigae"	952
"Beta Bootis"	835
"Beta Brahe"	3236
"Beta Caeli"	909
"Beta Pictoris"	620
"Beta Piscium"	640
"Beta Ptolemae"	1952
"Beta Puppis"	81
"Beta Pyxidis"	215
"Delta Sculptoris"	984
"Delta Scuti"	401
"Delta Serpentis"	2435
"Delta Sextantis"	5901
"Alpha Horologii"	1584
"Alpha Hyades"	6015
"Alpha Hydrae"	3869
"Alpha Hyginus"	705
"Alpha Illuminati"	4694
"Zeta Orionis"	1508
"Zeta Persei"	666
"Zeta Ptolemae"	405
"Zeta Scorpii"	4134
"Zeta Scuti"	6814
"Fomalhaut"	4158
"Gamma Antliae"	2764
"Gamma Apodis"	3061
"Gamma Aquarii"	3022
"Gamma Aquilae"	2326
"Gamma Geminorum"	2388
"Gamma Giclas"	323
"Gamma Gorno"	1748
"Gamma Gruis"	3006
"Gamma Horologii"	575
"Alpha Chandrasekhar"	4799
"Alpha Circini"	6053
"Alpha Columbae"	8370
"Gamma Columbae"	1116
"Gamma Copernicus"	1610
"Gamma Corvi"	1566
"Gamma Crateris"	4309
"Gamma Lacaille"	5594
"Gamma Lalande"	225
"Gamma Lentilis"	887
"Gamma Leonis"	7138
"Beta Velorum"	481
"Beta Virginis"	0
"Beta Vitalis"	1237
"Beta Volantis"	2039
"Beta Vulpeculae"	6208
"Zeta Centauri"	2193
"Zeta Ceti"	2199
"Zeta Chamaeleonis"	808
"Zeta Circini"	3129
"Nu Draconis"	616
"Organon"	1766
"Pollux"	144
"Procyon"	973
"Regulus"	984
"Gamma Lyncis"	671
"Gamma Mensae"	1255
"Gamma Mira"	309
"Gamma Muscae"	219
"Gamma Normae"	987
"Epsilon Circini"	1543
"Epsilon Corvi"	898
"Epsilon Crateris"	1245
"Beta Octantis"	5147
"Beta Olber"	152
"Beta Ophiuchi"	4310
"Beta Orionis"	3724
"Delta Illuminati"	2064
"Delta Krueger"	1150
"Delta Lalande"	1071
"Delta Lentilis"	1028
"Gamma Bootis"	1842
"Gamma Brahe"	3619
"Gamma Caeli"	2180
"Gamma Camelopardalis"	3824
"Gamma Cancri"	854
"Beta Mersenne"	1328
"Beta Mira"	2341
"Beta Monocerotis"	1777
"Beta Muscae"	1253
"Beta Normae"	9153
"Gamma Volantis"	5277
"Gamma Vulpeculae"	3474
"Groombridge"	1056
"Hyperion"	826
"Iota Camelopardalis"	1131
"Gamma Crucis"	999
"Gamma Cygnus"	103
"Gamma Draconis"	5590
"Gamma Eridani"	5541
"Gamma Fornacis"	1651
"Delta Tauri"	12080
"Delta Virginis"	1458
"Delta Vitalis"	3501
"Delta Volantis"	2378
"Delta Vulpeculae"	4086
"Eta Draconis"	683
"Eta Fornacis"	513
"Eta Giclas"	4236
"Eta Gruis"	1623
"Eta Horologii"	1284
"Eta Hyades"	2840
"Alpha Aquilae"	1351
"Alpha Arae"	2895
"Alpha Arianni"	193
"Alpha Arietis"	135
"Alpha Aurigae"	5230
"Gamma Leporis"	3023
"Gamma Librae"	138
"Gamma Lipi"	954
"Gamma Luyten"	6059
"Beta Luyten"	2131
"Beta Lyncis"	1773
"Beta Lyrae"	2431
"Beta Maksutov"	360
"Beta Mensae"	2329
"Alpha Squidi"	1502
"Alpha Tauri"	5016
"Alpha Telescopii"	6863
"Alpha Trianguli"	3401
"Alpha Tucanae"	3290
"Alpha Pegasi"	4981
"Alpha Persei"	455
"Alpha Phoenicis"	1740
"Alpha Pictoris"	2312
"Alpha Piscium"	1118
"Alpha Ptolemae"	8055
"Alpha Puppis"	2291
"Alpha Pyxidis"	4765
"Alpha Raynet"	265
"Beta Raynet"	101
"Beta Reticuli"	3435
"Beta Sagittae"	295
"Beta Sagittarii"	1366
"Beta Doradus"	2109
"Beta Draconis"	3008
"Beta Equulei"	532
"Zeta Corvi"	1520
"Zeta Crateris"	403
"Zeta Draconis"	1535
"Zeta Fornacis"	1751
"Lambda Orionis"	99
"Menkar"	1412
"Metis"	2131
"Microscopii"	192
"Mizar"	147
"Mu Draconis"	801
"Mu Orionis"	2615
"Alpha Lacaille"	2640
"Alpha Lacertae"	2019
"Alpha Lalande"	1000
"Alpha Lentilis"	982
"Eta Ptolemae"	4059
"Eta Serpentis"	159
"Eta Volantis"	2305
"Eta Vulpeculae"	2175
"Delta Gorno"	3479
"Delta Gruis"	1060
"Delta Horologii"	159
"Delta Hyades"	2436
"Beta Gorno"	664
"Beta Gruis"	1949
"Beta Herculis"	213
"Beta Horologii"	2438
"Beta Hyades"	2710
"Beta Hydrae"	239
"Gamma Pyxidis"	3006
"Gamma Raynet"	270
"Gamma Reticuli"	2569
"Gamma Sagittae"	2899
"Gamma Sagittarii"	2851
"Gamma Arae"	184
"Gamma Arianni"	1127
"Gamma Arietis"	1401
"Gamma Aurigae"	7343
"Delta Aurigae"	11005
"Delta Bootis"	435
"Delta Brahe"	9100
"Delta Caeli"	595
"Delta Camelopardalis"	1743
"Beta Cassiopeiae"	1401
"Beta Centauri"	3377
"Beta Cephei"	10447
"Kappa Draconis"	3783
"Kappa Horologii"	5371
"Kappa Hyades"	4736
"Alpha Volantis"	571
"Alpha Vulpeculae"	977
"Alpha Wolf"	870
"Altair"	5107
"Antares"	1942
"Delta Crateris"	3726
"Delta Crucis"	1007
"Delta Cygnus"	1561
"Zeta Antliae"	3409
"Zeta Aquarii"	1075
"Zeta Bootis"	228
"Zeta Brahe"	772
"Zeta Camelopardalis"	897
"Alpha Mersenne"	1327
"Alpha Mira"	360
"Alpha Monocerotis"	205
"Alpha Muscae"	2910
"Alpha Normae"	5835
"Alpha Velorum"	5547
"Alpha Virginis"	3684
"Alpha Vitalis"	1158
"Epsilon Cygnus"	181
"Epsilon Draconis"	7298
"Epsilon Fornacis"	1438
"Epsilon Giclas"	904
"Epsilon Gorno"	311
"Epsilon Centauri"	572
"Epsilon Ceti"	2508
"Epsilon Chamaeleonis"	2011
"Epsilon Chandrasekhar"	144
"Beta Eridani"	3938
"Beta Fornacis"	2445
"Beta Geminorum"	4245
"Beta Giclas"	1850
"Iota Chamaeleonis"	5668
"Iota Draconis"	2581
"Iota Horologii"	1854
"Iota Hyades"	7379
"Epsilon Sextantis"	4229
"Epsilon Tauri"	2278
"Epsilon Volantis"	7963
"Gamma Phoenicis"	2687
"Gamma Pictoris"	1166
"Gamma Piscium"	2932
"Gamma Ptolemae"	422
"Gamma Puppis"	36
"Delta Ptolemae"	1190
"Delta Reticuli"	1052
"Delta Sagittarii"	2194
"Delta Scorpii"	1677
"Theta Horologii"	201
"Theta Hyades"	2493
"Theta Illuminati"	1668
"Theta Lyncis"	3789
"Theta Orionis"	2048
"Alpha Copernicus"	54
"Alpha Crateris"	2533
"Alpha Crucis"	7702
"Alpha Cygnus"	3492
"Rigel"	400
"Sirius"	1265
"Sol"	4008
"Theta Camelopardalis"	1315
"Theta Chamaeleonis"	534
"Eta Ceti"	1466
"Eta Chamaeleonis"	4752
"Eta Corvi"	709
"Eta Crateris"	598
"Gamma Saurus"	100
"Gamma Scorpii"	3084
"Gamma Sculptoris"	150
"Gamma Scuti"	2479
"Gamma Serpentis"	2102
"Beta Aquarii"	6032
"Beta Aquilae"	826
"Beta Arae"	2422
"Beta Arianni"	1493
"Alpha Andromedae"	4317
"Alpha Antliae"	8734
"Alpha Apodis"	3444
"Alpha Aquarii"	56
"Delta Draconis"	2759
"Delta Fornacis"	1317
"Delta Geminorum"	257
"Delta Giclas"	3346
"Alpha Eridani"	2022
"Alpha Fornacis"	4221
"Alpha Geminorum"	4257
"Alpha Giclas"	3663
"Alpha Gorno"	4051
"Alpha Gruis"	112
"Alpha Herculis"	6846
"Beta Saurus"	133
"Beta Scorpii"	12680
"Beta Scuti"	1998
"Beta Serpentis"	847
"Beta Sextantis"	255
"Delta Cancri"	681
"Delta Cassiopeiae"	1503
"Delta Centauri"	3921
"Delta Ceti"	4872
"Epsilon Caeli"	2347
"Epsilon Camelopardalis"	862
"Epsilon Cassiopeiae"	3323
"Arcturus"	1420
"Bellatrix"	2231
"Beta Andromedae"	180
"Beta Antliae"	356
"Beta Apodis"	5292
"Alpha Delphini"	942
"Alpha Doradus"	189
"Alpha Draconis"	554
"Alpha Equulei"	4832
"Alpha Indi"	639
"Alpha Kepler"	5881
"Alpha Klystron"	392
"Alpha Krueger"	1638
"Deneb"	352
"Epsilon Antliae"	4270
"Epsilon Aquarii"	944
"Epsilon Aquilae"	388
"Beta Crateris"	1773
"Beta Crucis"	2492
"Beta Cygnus"	4019
"Beta Delphini"	350
"Alpha Leonis"	4363
"Alpha Leporis"	1674
"Alpha Librae"	4737
"Alpha Lipi"	3290
"Delta Apodis"	544
"Delta Aquarii"	1175
"Delta Aquilae"	3993
"Delta Arae"	1311
"Delta Arietis"	270
"Beta Pavonis"	1395
"Beta Pegasi"	3711
"Beta Persei"	8037
"Beta Phoenicis"	1484
"Alpha Bootis"	2868
"Alpha Brahe"	831
"Alpha Caeli"	612
"Alpha Camelopardalis"	1631
"Alpha Cancri"	2082
"Epsilon Orionis"	163
"Epsilon Persei"	1096
"Epsilon Ptolemae"	63
"Epsilon Scorpii"	1731
"Gamma Trianguli"	2502
"Gamma Tucanae"	285
"Gamma Virginis"	937
"Gamma Vitalis"	2391
Removing temp directory /tmp/assignment3_problem1c.melkergu.20260430.101505.930176...

real	0m5.372s
user	1m57.282s
sys	0m20.720s
